19:32:46 | WARN | SelenideLogger:168                       | No listeners found for thread '1'
19:32:46 | INFO | SimpleReport:49                          | Report for config
+----------------------+---------+------------+------------+
| Element              | Subject | Status     | ms.        |
+----------------------+---------+------------+------------+
+----------------------+---------+------------+------------+

19:32:47 | WARN | SelenideLogger:173                       | No listener 'simpleReport' found for thread '1' (it has 1 listeners)
19:32:47 | INFO | WebDriverThreadLocalContainer:129        | No webdriver is bound to current thread: 1 - let's create a new webdriver
19:32:49 | INFO | WebDriverFactory:122                     | Selenide 7.7.3 / Selenium 4.29.0 / chrome 134.0.6998.177 windows
19:32:49 | INFO | WebDriverThreadLocalContainer:168        | Browser will stay open due to holdBrowserOpen=true: 1 -> ChromeDriver: chrome on windows (22d03e5fbc1d5981b9e67732c9d25b01)
19:32:50 | INFO | SimpleReport:49                          | Report for login
+----------------------+----------------------------+------------+------------+
| Element              | Subject                    | Status     | ms.        |
+----------------------+----------------------------+------------+------------+
| open                 | https://www.saucedemo.com/ | PASS       | 3697       |
|   webdriver          | create()                   | PASS       | 2278       |
+----------------------+----------------------------+------------+------------+

19:32:50 | WARN | SelenideLogger:173                       | No listener 'simpleReport' found for thread '1' (it has 1 listeners)
19:33:02 | INFO | SimpleReport:49                          | Report for detailItemTest
+--------------------------------------------------------------------------------------+------------------------------------------------------------------------+------------+------------+
| Element                                                                              | Subject                                                                | Status     | ms.        |
+--------------------------------------------------------------------------------------+------------------------------------------------------------------------+------------+------------+
| By.xpath: //input[@placeholder='Username']                                           | should be(input condition: empty: attribute value="" and exact text "" and visible) | PASS       | 138        |
| By.xpath: //input[@placeholder='Username']                                           | append(standard_user)                                                  | PASS       | 108        |
| .input_error.form_input[id=password]                                                 | should be(input condition: empty: attribute value="" and exact text "" and visible) | PASS       | 50         |
| .input_error.form_input[id=password]                                                 | append(secret_sauce)                                                   | PASS       | 74         |
| #login-button                                                                        | should be(clickable: interactable and enabled)                         | PASS       | 36         |
| #login-button                                                                        | click()                                                                | PASS       | 139        |
| By.xpath: //div[@class='inventory_item_name ' and text()='Sauce Labs Fleece Jacket'] | should be(clickable: interactable and enabled)                         | PASS       | 42         |
| By.xpath: //div[@class='inventory_item_name ' and text()='Sauce Labs Fleece Jacket'] | click()                                                                | PASS       | 100        |
| By.xpath: //div[contains(@class, 'asdasdasdas')]                                     | get text()                                                             | FAIL       | 10290      |
+--------------------------------------------------------------------------------------+------------------------------------------------------------------------+------------+------------+

19:33:02 | WARN | SelenideLogger:173                       | No listener 'simpleReport' found for thread '1' (it has 1 listeners)
19:33:02 | INFO | SimpleReport:49                          | Report for cleanWebDriver
+----------------------+---------+------------+------------+
| Element              | Subject | Status     | ms.        |
+----------------------+---------+------------+------------+
+----------------------+---------+------------+------------+

19:33:02 | WARN | SelenideLogger:173                       | No listener 'simpleReport' found for thread '1' (it has 1 listeners)
19:33:02 | INFO | SimpleReport:49                          | Report for tearDown
+----------------------+---------+------------+------------+
| Element              | Subject | Status     | ms.        |
+----------------------+---------+------------+------------+
+----------------------+---------+------------+------------+

19:33:02 | INFO | CloseDriverCommand:24                    | Hold browser open: 37 -> ChromeDriver: chrome on windows (22d03e5fbc1d5981b9e67732c9d25b01)
